
> elyanis-backend-standalone@1.0.0 prebuild
> prisma generate

Environment variables loaded from .env
Prisma schema loaded from prisma\schema.prisma

Γ£ö Generated Prisma Client (v5.22.0) to .\node_modules\@prisma\client in 402ms

Start by importing your Prisma Client (See: https://pris.ly/d/importing-client)

Tip: Need your database queries to be 1000x faster? Accelerate offers you that and more: https://pris.ly/tip-2-accelerate


> elyanis-backend-standalone@1.0.0 build
> tsc -p tsconfig.json

